vite v6.3.5 building for production...
transforming...
??2020 modules transformed.
